2026-03-16 11:43:56,621 INFO Connected to Odoo
2026-03-16 11:43:58,879 INFO PLC read 1
2026-03-16 11:44:03,365 INFO Sent data 1
2026-03-16 11:44:07,340 INFO PLC read 2
2026-03-16 11:44:09,446 INFO Sent data 2
2026-03-16 11:44:11,468 INFO PLC read 3
2026-03-16 11:44:13,583 INFO Sent data 3
2026-03-16 11:44:15,592 INFO PLC read 4
2026-03-16 11:44:17,705 INFO Sent data 4
2026-03-16 11:44:19,761 INFO PLC read 5
2026-03-16 11:44:21,851 INFO Sent data 5
2026-03-16 11:44:23,861 INFO PLC read 6
2026-03-16 11:44:25,988 INFO Sent data 6
2026-03-16 11:44:28,002 INFO PLC read 7
2026-03-16 11:44:30,121 INFO Sent data 7
2026-03-16 11:44:32,130 INFO PLC read 8
2026-03-16 11:44:34,226 INFO Sent data 8
2026-03-16 11:44:36,237 INFO PLC read 9
2026-03-16 11:44:38,329 INFO Sent data 9
2026-03-16 11:44:40,340 INFO PLC read 10
2026-03-16 11:44:42,456 INFO Sent data 10
2026-03-16 11:44:44,476 INFO PLC read 11
2026-03-16 11:44:46,598 INFO Sent data 11
2026-03-16 11:44:48,609 INFO PLC read 12
2026-03-16 11:44:50,711 INFO Sent data 12
2026-03-16 11:44:52,721 INFO PLC read 13
2026-03-16 11:44:54,815 INFO Sent data 13
2026-03-16 11:44:56,824 INFO PLC read 14
2026-03-16 11:44:58,927 INFO Sent data 14
2026-03-16 11:44:58,927 INFO Gateway alive
2026-03-16 11:45:00,936 INFO PLC read 15
2026-03-16 11:45:03,043 INFO Sent data 15
2026-03-16 11:45:05,052 INFO PLC read 16
2026-03-16 11:45:07,178 INFO Sent data 16
2026-03-16 11:45:09,188 INFO PLC read 17
2026-03-16 11:45:11,289 INFO Sent data 17
2026-03-16 11:45:13,342 INFO PLC read 18
2026-03-16 11:45:15,448 INFO Sent data 18
2026-03-16 11:45:17,459 INFO PLC read 19
2026-03-16 11:45:19,596 INFO Sent data 19
2026-03-16 11:45:21,617 INFO PLC read 20
2026-03-16 11:45:23,736 INFO Sent data 20
2026-03-16 11:45:25,756 INFO PLC read 21
2026-03-16 11:45:27,950 INFO Sent data 21
2026-03-16 11:45:29,961 INFO PLC read 22
2026-03-16 11:45:32,093 INFO Sent data 22
2026-03-16 11:45:34,102 INFO PLC read 23
2026-03-16 11:45:36,205 INFO Sent data 23
2026-03-16 11:45:38,224 INFO PLC read 24
2026-03-16 11:45:40,396 INFO Sent data 24
2026-03-16 11:45:42,407 INFO PLC read 25
2026-03-16 11:45:44,508 INFO Sent data 25
2026-03-16 11:45:46,528 INFO PLC read 26
2026-03-16 11:45:48,624 INFO Sent data 26
2026-03-16 11:45:50,645 INFO PLC read 27
2026-03-16 11:45:52,752 INFO Sent data 27
2026-03-16 11:45:54,762 INFO PLC read 28
2026-03-16 11:45:56,843 INFO Sent data 28
2026-03-16 11:45:58,853 INFO PLC read 29
2026-03-16 11:46:00,959 INFO Sent data 29
2026-03-16 11:46:00,959 INFO Gateway alive
2026-03-16 11:46:02,969 INFO PLC read 30
2026-03-16 11:46:05,072 INFO Sent data 30
2026-03-16 11:46:07,082 INFO PLC read 31
2026-03-16 11:46:09,306 INFO Sent data 31
2026-03-16 11:46:11,315 INFO PLC read 32
2026-03-16 11:46:13,423 INFO Sent data 32
2026-03-16 11:46:15,432 INFO PLC read 33
2026-03-16 11:46:17,572 INFO Sent data 33
2026-03-16 11:46:19,587 INFO PLC read 34
2026-03-16 11:46:21,722 INFO Sent data 34
2026-03-16 11:46:23,733 INFO PLC read 35
2026-03-16 11:46:25,814 INFO Sent data 35
2026-03-16 11:46:27,824 INFO PLC read 36
2026-03-16 11:46:29,922 INFO Sent data 36
2026-03-16 11:46:31,932 INFO PLC read 37
2026-03-16 11:46:34,031 INFO Sent data 37
2026-03-16 11:46:36,052 INFO PLC read 38
2026-03-16 11:46:38,155 INFO Sent data 38
2026-03-16 11:50:32,445 INFO Connected to Odoo
2026-03-16 11:50:32,448 ERROR Gateway error: Error binding parameter 2: type 'type' is not supported
2026-03-16 11:50:34,448 ERROR Gateway error: Error binding parameter 2: type 'type' is not supported
2026-03-16 11:50:36,449 ERROR Gateway error: Error binding parameter 2: type 'type' is not supported
2026-03-16 11:50:38,450 ERROR Gateway error: Error binding parameter 2: type 'type' is not supported
2026-03-16 11:50:40,451 ERROR Gateway error: Error binding parameter 2: type 'type' is not supported
2026-03-16 11:50:42,453 ERROR Gateway error: Error binding parameter 2: type 'type' is not supported
2026-03-16 11:50:44,453 ERROR Gateway error: Error binding parameter 2: type 'type' is not supported
2026-03-16 11:50:46,454 ERROR Gateway error: Error binding parameter 2: type 'type' is not supported
2026-03-16 11:50:48,456 ERROR Gateway error: Error binding parameter 2: type 'type' is not supported
2026-03-16 11:50:50,457 ERROR Gateway error: Error binding parameter 2: type 'type' is not supported
2026-03-16 11:50:52,457 ERROR Gateway error: Error binding parameter 2: type 'type' is not supported
2026-03-16 11:50:54,458 ERROR Gateway error: Error binding parameter 2: type 'type' is not supported
2026-03-16 11:50:56,458 ERROR Gateway error: Error binding parameter 2: type 'type' is not supported
2026-03-16 11:50:58,459 ERROR Gateway error: Error binding parameter 2: type 'type' is not supported
2026-03-16 11:51:00,460 ERROR Gateway error: Error binding parameter 2: type 'type' is not supported
2026-03-16 11:51:02,461 ERROR Gateway error: Error binding parameter 2: type 'type' is not supported
2026-03-16 11:51:04,461 ERROR Gateway error: Error binding parameter 2: type 'type' is not supported
2026-03-16 11:51:06,462 ERROR Gateway error: Error binding parameter 2: type 'type' is not supported
2026-03-16 11:51:08,463 ERROR Gateway error: Error binding parameter 2: type 'type' is not supported
2026-03-16 11:52:31,605 INFO Connected to Odoo
2026-03-16 11:52:31,694 INFO PLC read 1
2026-03-16 11:52:33,811 INFO Sent data 39
2026-03-16 11:52:36,021 INFO Sent data 1
2026-03-16 11:52:38,195 INFO PLC read 2
2026-03-16 11:52:40,339 INFO Sent data 2
2026-03-16 11:52:42,350 INFO PLC read 3
2026-03-16 11:52:44,451 INFO Sent data 3
2026-03-16 11:52:46,461 INFO PLC read 4
2026-03-16 11:52:48,558 INFO Sent data 4
2026-03-16 11:52:50,569 INFO PLC read 5
2026-03-16 11:52:52,674 INFO Sent data 5
2026-03-16 11:52:54,683 INFO PLC read 6
2026-03-16 11:52:56,797 INFO Sent data 6
2026-03-16 11:52:58,843 INFO PLC read 7
2026-03-16 11:53:00,963 INFO Sent data 7
2026-03-16 11:53:02,976 INFO PLC read 8
2026-03-16 11:53:05,073 INFO Sent data 8
2026-03-16 11:53:07,093 INFO PLC read 9
2026-03-16 11:55:31,095 INFO Connected to Odoo
2026-03-16 11:55:31,105 INFO PLC read 1
2026-03-16 11:55:33,220 INFO Sent data 9
2026-03-16 11:55:35,331 INFO Sent data 1
2026-03-16 11:55:37,353 INFO PLC read 2
2026-03-16 11:55:39,463 INFO Sent data 2
2026-03-16 11:55:41,480 INFO PLC read 3
2026-03-16 11:55:43,580 INFO Sent data 3
2026-03-16 11:55:45,589 INFO PLC read 4
2026-03-16 11:55:47,702 INFO Sent data 4
2026-03-16 11:55:49,727 INFO PLC read 5
2026-03-16 11:55:51,819 INFO Sent data 5
2026-03-16 11:55:53,831 INFO PLC read 6
2026-03-16 11:55:55,934 INFO Sent data 6
2026-03-16 11:55:57,944 INFO PLC read 7
2026-03-16 11:56:01,537 INFO Sent data 7
2026-03-16 11:56:03,548 INFO PLC read 8
2026-03-16 11:56:05,681 INFO Sent data 8
2026-03-16 11:56:07,703 INFO PLC read 9
2026-03-16 11:56:09,804 INFO Sent data 9
2026-03-16 11:56:11,833 INFO PLC read 10
2026-03-16 11:56:13,935 INFO Sent data 10
2026-03-16 11:56:15,958 INFO PLC read 11
2026-03-16 11:56:18,176 INFO Sent data 11
2026-03-16 11:56:20,186 INFO PLC read 12
2026-03-16 11:56:28,219 INFO Sent data 12
2026-03-16 11:56:31,601 INFO PLC read 13
2026-03-16 11:56:33,709 INFO Sent data 13
2026-03-16 11:56:33,709 INFO Gateway alive
2026-03-16 11:56:35,725 INFO PLC read 14
2026-03-16 11:56:37,813 INFO Sent data 14
2026-03-16 11:56:44,338 INFO PLC read 15
2026-03-16 11:56:46,438 INFO Sent data 15
2026-03-16 11:56:50,666 INFO PLC read 16
2026-03-16 11:56:52,761 INFO Sent data 16
2026-03-16 11:56:54,772 INFO PLC read 17
2026-03-16 11:56:56,877 INFO Sent data 17
2026-03-16 11:56:58,898 INFO PLC read 18
2026-03-16 11:57:01,009 INFO Sent data 18
2026-03-16 11:57:03,031 INFO PLC read 19
2026-03-16 11:57:05,150 INFO Sent data 19
2026-03-16 11:57:07,172 INFO PLC read 20
2026-03-16 11:57:09,269 INFO Sent data 20
2026-03-16 11:57:11,279 INFO PLC read 21
2026-03-16 11:57:13,399 INFO Sent data 21
2026-03-16 11:57:15,421 INFO PLC read 22
2026-03-16 11:57:17,534 INFO Sent data 22
2026-03-16 11:57:19,543 INFO PLC read 23
2026-03-16 11:57:21,638 INFO Sent data 23
2026-03-16 11:57:23,654 INFO PLC read 24
2026-03-16 11:57:25,759 INFO Sent data 24
2026-03-16 11:57:27,773 INFO PLC read 25
2026-03-16 11:57:29,882 INFO Sent data 25
2026-03-16 11:57:31,893 INFO PLC read 26
2026-03-16 11:57:34,008 INFO Sent data 26
2026-03-16 11:57:34,008 INFO Gateway alive
2026-03-16 11:57:36,028 INFO PLC read 27
2026-03-16 11:57:38,129 INFO Sent data 27
2026-03-16 11:57:40,331 INFO PLC read 28
2026-03-16 11:57:42,475 INFO Sent data 28
2026-03-16 11:57:44,496 INFO PLC read 29
2026-03-16 11:57:46,601 INFO Sent data 29
2026-03-16 11:57:48,621 INFO PLC read 30
2026-03-16 11:57:50,734 INFO Sent data 30
2026-03-16 14:39:24,975 INFO Connected to Odoo
2026-03-16 14:39:25,009 INFO PLC read 1
2026-03-16 14:39:27,982 INFO Sent data 1
2026-03-16 14:39:29,991 INFO PLC read 2
2026-03-16 14:39:32,079 INFO Sent data 2
2026-03-16 14:39:34,168 INFO PLC read 3
2026-03-16 14:39:42,748 INFO Sent data 3
2026-03-16 14:39:44,765 INFO PLC read 4
2026-03-16 14:39:46,971 INFO Sent data 4
2026-03-16 14:39:48,999 INFO PLC read 5
2026-03-16 14:39:51,089 INFO Sent data 5
2026-03-16 14:39:53,109 INFO PLC read 6
2026-03-16 14:39:55,202 INFO Sent data 6
2026-03-16 14:39:57,219 INFO PLC read 7
2026-03-16 14:39:59,316 INFO Sent data 7
2026-03-16 14:40:01,326 INFO PLC read 8
2026-03-16 14:40:03,432 INFO Sent data 8
2026-03-16 14:40:05,441 INFO PLC read 9
2026-03-16 14:40:07,571 INFO Sent data 9
2026-03-16 14:40:09,588 INFO PLC read 10
2026-03-16 14:40:11,681 INFO Sent data 10
2026-03-16 14:40:13,691 INFO PLC read 11
2026-03-16 14:40:15,788 INFO Sent data 11
2026-03-16 14:40:17,796 INFO PLC read 12
2026-03-16 14:40:19,904 INFO Sent data 12
2026-03-16 14:40:21,914 INFO PLC read 13
2026-03-16 14:40:24,010 INFO Sent data 13
2026-03-16 14:44:03,086 INFO Connected to Odoo
2026-03-16 14:44:05,637 INFO PLC read 1
2026-03-16 14:44:08,600 ERROR Send failed: <Fault 1: 'Traceback (most recent call last):\n  File "C:\\Program Files\\Odoo 18.0.20260311\\server\\odoo\\addons\\base\\controllers\\rpc.py", line 165, in xmlrpc_2\n    response = self._xmlrpc(service)\n               ^^^^^^^^^^^^^^^^^^^^^\n  File "C:\\Program Files\\Odoo 18.0.20260311\\server\\odoo\\addons\\base\\controllers\\rpc.py", line 139, in _xmlrpc\n    result = dispatch_rpc(service, method, params)\n             ^^^^^^^^^^^^^^^^^^^^^^^^^^^^^^^^^^^^^\n  File "C:\\Program Files\\Odoo 18.0.20260311\\server\\odoo\\http.py", line 412, in dispatch_rpc\n    return dispatch(method, params)\n           ^^^^^^^^^^^^^^^^^^^^^^^^\n  File "C:\\Program Files\\Odoo 18.0.20260311\\server\\odoo\\service\\model.py", line 59, in dispatch\n    res = execute_kw(db, uid, *params[3:])\n          ^^^^^^^^^^^^^^^^^^^^^^^^^^^^^^^^\n  File "C:\\Program Files\\Odoo 18.0.20260311\\server\\odoo\\service\\model.py", line 82, in execute_kw\n    return execute(db, uid, obj, method, *args, **kw or {})\n           ^^^^^^^^^^^^^^^^^^^^^^^^^^^^^^^^^^^^^^^^^^^^^^^^\n  File "C:\\Program Files\\Odoo 18.0.20260311\\server\\odoo\\service\\model.py", line 88, in execute\n    res = execute_cr(cr, uid, obj, method, *args, **kw)\n          ^^^^^^^^^^^^^^^^^^^^^^^^^^^^^^^^^^^^^^^^^^^^^\n  File "C:\\Program Files\\Odoo 18.0.20260311\\server\\odoo\\service\\model.py", line 73, in execute_cr\n    result = retrying(partial(odoo.api.call_kw, recs, method, args, kw), env)\n             ^^^^^^^^^^^^^^^^^^^^^^^^^^^^^^^^^^^^^^^^^^^^^^^^^^^^^^^^^^^^^^^^\n  File "C:\\Program Files\\Odoo 18.0.20260311\\server\\odoo\\service\\model.py", line 157, in retrying\n    result = func()\n             ^^^^^^\n  File "C:\\Program Files\\Odoo 18.0.20260311\\server\\odoo\\api.py", line 535, in call_kw\n    result = getattr(recs, name)(*args, **kwargs)\n             ^^^^^^^^^^^^^^^^^^^^^^^^^^^^^^^^^^^^\n  File "<decorator-gen-0>", line 2, in create\n  File "C:\\Program Files\\Odoo 18.0.20260311\\server\\odoo\\api.py", line 497, in _model_create_multi\n    return create(self, [arg])\n           ^^^^^^^^^^^^^^^^^^^\n  File "C:\\Program Files\\Odoo 18.0.20260311\\server\\odoo\\models.py", line 5005, in create\n    raise ValueError("Invalid field %r on model %r" % (key, self._name))\nValueError: Invalid field \'employee_id\' on model \'plc.data\'\n'>
2026-03-16 14:44:11,402 INFO Connected to Odoo
2026-03-16 14:44:13,422 INFO PLC read 2
2026-03-16 14:44:15,514 ERROR Send failed: <Fault 1: 'Traceback (most recent call last):\n  File "C:\\Program Files\\Odoo 18.0.20260311\\server\\odoo\\addons\\base\\controllers\\rpc.py", line 165, in xmlrpc_2\n    response = self._xmlrpc(service)\n               ^^^^^^^^^^^^^^^^^^^^^\n  File "C:\\Program Files\\Odoo 18.0.20260311\\server\\odoo\\addons\\base\\controllers\\rpc.py", line 139, in _xmlrpc\n    result = dispatch_rpc(service, method, params)\n             ^^^^^^^^^^^^^^^^^^^^^^^^^^^^^^^^^^^^^\n  File "C:\\Program Files\\Odoo 18.0.20260311\\server\\odoo\\http.py", line 412, in dispatch_rpc\n    return dispatch(method, params)\n           ^^^^^^^^^^^^^^^^^^^^^^^^\n  File "C:\\Program Files\\Odoo 18.0.20260311\\server\\odoo\\service\\model.py", line 59, in dispatch\n    res = execute_kw(db, uid, *params[3:])\n          ^^^^^^^^^^^^^^^^^^^^^^^^^^^^^^^^\n  File "C:\\Program Files\\Odoo 18.0.20260311\\server\\odoo\\service\\model.py", line 82, in execute_kw\n    return execute(db, uid, obj, method, *args, **kw or {})\n           ^^^^^^^^^^^^^^^^^^^^^^^^^^^^^^^^^^^^^^^^^^^^^^^^\n  File "C:\\Program Files\\Odoo 18.0.20260311\\server\\odoo\\service\\model.py", line 88, in execute\n    res = execute_cr(cr, uid, obj, method, *args, **kw)\n          ^^^^^^^^^^^^^^^^^^^^^^^^^^^^^^^^^^^^^^^^^^^^^\n  File "C:\\Program Files\\Odoo 18.0.20260311\\server\\odoo\\service\\model.py", line 73, in execute_cr\n    result = retrying(partial(odoo.api.call_kw, recs, method, args, kw), env)\n             ^^^^^^^^^^^^^^^^^^^^^^^^^^^^^^^^^^^^^^^^^^^^^^^^^^^^^^^^^^^^^^^^\n  File "C:\\Program Files\\Odoo 18.0.20260311\\server\\odoo\\service\\model.py", line 157, in retrying\n    result = func()\n             ^^^^^^\n  File "C:\\Program Files\\Odoo 18.0.20260311\\server\\odoo\\api.py", line 535, in call_kw\n    result = getattr(recs, name)(*args, **kwargs)\n             ^^^^^^^^^^^^^^^^^^^^^^^^^^^^^^^^^^^^\n  File "<decorator-gen-0>", line 2, in create\n  File "C:\\Program Files\\Odoo 18.0.20260311\\server\\odoo\\api.py", line 497, in _model_create_multi\n    return create(self, [arg])\n           ^^^^^^^^^^^^^^^^^^^\n  File "C:\\Program Files\\Odoo 18.0.20260311\\server\\odoo\\models.py", line 5005, in create\n    raise ValueError("Invalid field %r on model %r" % (key, self._name))\nValueError: Invalid field \'employee_id\' on model \'plc.data\'\n'>
2026-03-16 14:44:18,272 INFO Connected to Odoo
2026-03-16 14:44:20,281 INFO PLC read 3
2026-03-16 14:44:22,479 ERROR Send failed: <Fault 1: 'Traceback (most recent call last):\n  File "C:\\Program Files\\Odoo 18.0.20260311\\server\\odoo\\addons\\base\\controllers\\rpc.py", line 165, in xmlrpc_2\n    response = self._xmlrpc(service)\n               ^^^^^^^^^^^^^^^^^^^^^\n  File "C:\\Program Files\\Odoo 18.0.20260311\\server\\odoo\\addons\\base\\controllers\\rpc.py", line 139, in _xmlrpc\n    result = dispatch_rpc(service, method, params)\n             ^^^^^^^^^^^^^^^^^^^^^^^^^^^^^^^^^^^^^\n  File "C:\\Program Files\\Odoo 18.0.20260311\\server\\odoo\\http.py", line 412, in dispatch_rpc\n    return dispatch(method, params)\n           ^^^^^^^^^^^^^^^^^^^^^^^^\n  File "C:\\Program Files\\Odoo 18.0.20260311\\server\\odoo\\service\\model.py", line 59, in dispatch\n    res = execute_kw(db, uid, *params[3:])\n          ^^^^^^^^^^^^^^^^^^^^^^^^^^^^^^^^\n  File "C:\\Program Files\\Odoo 18.0.20260311\\server\\odoo\\service\\model.py", line 82, in execute_kw\n    return execute(db, uid, obj, method, *args, **kw or {})\n           ^^^^^^^^^^^^^^^^^^^^^^^^^^^^^^^^^^^^^^^^^^^^^^^^\n  File "C:\\Program Files\\Odoo 18.0.20260311\\server\\odoo\\service\\model.py", line 88, in execute\n    res = execute_cr(cr, uid, obj, method, *args, **kw)\n          ^^^^^^^^^^^^^^^^^^^^^^^^^^^^^^^^^^^^^^^^^^^^^\n  File "C:\\Program Files\\Odoo 18.0.20260311\\server\\odoo\\service\\model.py", line 73, in execute_cr\n    result = retrying(partial(odoo.api.call_kw, recs, method, args, kw), env)\n             ^^^^^^^^^^^^^^^^^^^^^^^^^^^^^^^^^^^^^^^^^^^^^^^^^^^^^^^^^^^^^^^^\n  File "C:\\Program Files\\Odoo 18.0.20260311\\server\\odoo\\service\\model.py", line 157, in retrying\n    result = func()\n             ^^^^^^\n  File "C:\\Program Files\\Odoo 18.0.20260311\\server\\odoo\\api.py", line 535, in call_kw\n    result = getattr(recs, name)(*args, **kwargs)\n             ^^^^^^^^^^^^^^^^^^^^^^^^^^^^^^^^^^^^\n  File "<decorator-gen-0>", line 2, in create\n  File "C:\\Program Files\\Odoo 18.0.20260311\\server\\odoo\\api.py", line 497, in _model_create_multi\n    return create(self, [arg])\n           ^^^^^^^^^^^^^^^^^^^\n  File "C:\\Program Files\\Odoo 18.0.20260311\\server\\odoo\\models.py", line 5005, in create\n    raise ValueError("Invalid field %r on model %r" % (key, self._name))\nValueError: Invalid field \'employee_id\' on model \'plc.data\'\n'>
2026-03-16 14:44:25,299 INFO Connected to Odoo
2026-03-16 14:44:27,310 INFO PLC read 4
2026-03-16 14:44:29,399 ERROR Send failed: <Fault 1: 'Traceback (most recent call last):\n  File "C:\\Program Files\\Odoo 18.0.20260311\\server\\odoo\\addons\\base\\controllers\\rpc.py", line 165, in xmlrpc_2\n    response = self._xmlrpc(service)\n               ^^^^^^^^^^^^^^^^^^^^^\n  File "C:\\Program Files\\Odoo 18.0.20260311\\server\\odoo\\addons\\base\\controllers\\rpc.py", line 139, in _xmlrpc\n    result = dispatch_rpc(service, method, params)\n             ^^^^^^^^^^^^^^^^^^^^^^^^^^^^^^^^^^^^^\n  File "C:\\Program Files\\Odoo 18.0.20260311\\server\\odoo\\http.py", line 412, in dispatch_rpc\n    return dispatch(method, params)\n           ^^^^^^^^^^^^^^^^^^^^^^^^\n  File "C:\\Program Files\\Odoo 18.0.20260311\\server\\odoo\\service\\model.py", line 59, in dispatch\n    res = execute_kw(db, uid, *params[3:])\n          ^^^^^^^^^^^^^^^^^^^^^^^^^^^^^^^^\n  File "C:\\Program Files\\Odoo 18.0.20260311\\server\\odoo\\service\\model.py", line 82, in execute_kw\n    return execute(db, uid, obj, method, *args, **kw or {})\n           ^^^^^^^^^^^^^^^^^^^^^^^^^^^^^^^^^^^^^^^^^^^^^^^^\n  File "C:\\Program Files\\Odoo 18.0.20260311\\server\\odoo\\service\\model.py", line 88, in execute\n    res = execute_cr(cr, uid, obj, method, *args, **kw)\n          ^^^^^^^^^^^^^^^^^^^^^^^^^^^^^^^^^^^^^^^^^^^^^\n  File "C:\\Program Files\\Odoo 18.0.20260311\\server\\odoo\\service\\model.py", line 73, in execute_cr\n    result = retrying(partial(odoo.api.call_kw, recs, method, args, kw), env)\n             ^^^^^^^^^^^^^^^^^^^^^^^^^^^^^^^^^^^^^^^^^^^^^^^^^^^^^^^^^^^^^^^^\n  File "C:\\Program Files\\Odoo 18.0.20260311\\server\\odoo\\service\\model.py", line 157, in retrying\n    result = func()\n             ^^^^^^\n  File "C:\\Program Files\\Odoo 18.0.20260311\\server\\odoo\\api.py", line 535, in call_kw\n    result = getattr(recs, name)(*args, **kwargs)\n             ^^^^^^^^^^^^^^^^^^^^^^^^^^^^^^^^^^^^\n  File "<decorator-gen-0>", line 2, in create\n  File "C:\\Program Files\\Odoo 18.0.20260311\\server\\odoo\\api.py", line 497, in _model_create_multi\n    return create(self, [arg])\n           ^^^^^^^^^^^^^^^^^^^\n  File "C:\\Program Files\\Odoo 18.0.20260311\\server\\odoo\\models.py", line 5005, in create\n    raise ValueError("Invalid field %r on model %r" % (key, self._name))\nValueError: Invalid field \'employee_id\' on model \'plc.data\'\n'>
2026-03-16 14:44:32,267 INFO Connected to Odoo
2026-03-16 14:44:34,276 INFO PLC read 5
2026-03-16 14:49:57,984 INFO Connected to Odoo
2026-03-16 14:49:58,014 INFO PLC read 1
2026-03-16 14:50:00,768 ERROR Send failed: <Fault 1: 'Traceback (most recent call last):\n  File "C:\\Program Files\\Odoo 18.0.20260311\\server\\odoo\\addons\\base\\controllers\\rpc.py", line 165, in xmlrpc_2\n    response = self._xmlrpc(service)\n               ^^^^^^^^^^^^^^^^^^^^^\n  File "C:\\Program Files\\Odoo 18.0.20260311\\server\\odoo\\addons\\base\\controllers\\rpc.py", line 139, in _xmlrpc\n    result = dispatch_rpc(service, method, params)\n             ^^^^^^^^^^^^^^^^^^^^^^^^^^^^^^^^^^^^^\n  File "C:\\Program Files\\Odoo 18.0.20260311\\server\\odoo\\http.py", line 412, in dispatch_rpc\n    return dispatch(method, params)\n           ^^^^^^^^^^^^^^^^^^^^^^^^\n  File "C:\\Program Files\\Odoo 18.0.20260311\\server\\odoo\\service\\model.py", line 59, in dispatch\n    res = execute_kw(db, uid, *params[3:])\n          ^^^^^^^^^^^^^^^^^^^^^^^^^^^^^^^^\n  File "C:\\Program Files\\Odoo 18.0.20260311\\server\\odoo\\service\\model.py", line 82, in execute_kw\n    return execute(db, uid, obj, method, *args, **kw or {})\n           ^^^^^^^^^^^^^^^^^^^^^^^^^^^^^^^^^^^^^^^^^^^^^^^^\n  File "C:\\Program Files\\Odoo 18.0.20260311\\server\\odoo\\service\\model.py", line 88, in execute\n    res = execute_cr(cr, uid, obj, method, *args, **kw)\n          ^^^^^^^^^^^^^^^^^^^^^^^^^^^^^^^^^^^^^^^^^^^^^\n  File "C:\\Program Files\\Odoo 18.0.20260311\\server\\odoo\\service\\model.py", line 73, in execute_cr\n    result = retrying(partial(odoo.api.call_kw, recs, method, args, kw), env)\n             ^^^^^^^^^^^^^^^^^^^^^^^^^^^^^^^^^^^^^^^^^^^^^^^^^^^^^^^^^^^^^^^^\n  File "C:\\Program Files\\Odoo 18.0.20260311\\server\\odoo\\service\\model.py", line 157, in retrying\n    result = func()\n             ^^^^^^\n  File "C:\\Program Files\\Odoo 18.0.20260311\\server\\odoo\\api.py", line 535, in call_kw\n    result = getattr(recs, name)(*args, **kwargs)\n             ^^^^^^^^^^^^^^^^^^^^^^^^^^^^^^^^^^^^\n  File "<decorator-gen-0>", line 2, in create\n  File "C:\\Program Files\\Odoo 18.0.20260311\\server\\odoo\\api.py", line 497, in _model_create_multi\n    return create(self, [arg])\n           ^^^^^^^^^^^^^^^^^^^\n  File "C:\\Program Files\\Odoo 18.0.20260311\\server\\odoo\\models.py", line 5005, in create\n    raise ValueError("Invalid field %r on model %r" % (key, self._name))\nValueError: Invalid field \'employee_id\' on model \'plc.data\'\n'>
2026-03-16 14:50:03,602 INFO Connected to Odoo
2026-03-16 14:50:05,611 INFO PLC read 2
2026-03-16 14:50:07,682 ERROR Send failed: <Fault 1: 'Traceback (most recent call last):\n  File "C:\\Program Files\\Odoo 18.0.20260311\\server\\odoo\\addons\\base\\controllers\\rpc.py", line 165, in xmlrpc_2\n    response = self._xmlrpc(service)\n               ^^^^^^^^^^^^^^^^^^^^^\n  File "C:\\Program Files\\Odoo 18.0.20260311\\server\\odoo\\addons\\base\\controllers\\rpc.py", line 139, in _xmlrpc\n    result = dispatch_rpc(service, method, params)\n             ^^^^^^^^^^^^^^^^^^^^^^^^^^^^^^^^^^^^^\n  File "C:\\Program Files\\Odoo 18.0.20260311\\server\\odoo\\http.py", line 412, in dispatch_rpc\n    return dispatch(method, params)\n           ^^^^^^^^^^^^^^^^^^^^^^^^\n  File "C:\\Program Files\\Odoo 18.0.20260311\\server\\odoo\\service\\model.py", line 59, in dispatch\n    res = execute_kw(db, uid, *params[3:])\n          ^^^^^^^^^^^^^^^^^^^^^^^^^^^^^^^^\n  File "C:\\Program Files\\Odoo 18.0.20260311\\server\\odoo\\service\\model.py", line 82, in execute_kw\n    return execute(db, uid, obj, method, *args, **kw or {})\n           ^^^^^^^^^^^^^^^^^^^^^^^^^^^^^^^^^^^^^^^^^^^^^^^^\n  File "C:\\Program Files\\Odoo 18.0.20260311\\server\\odoo\\service\\model.py", line 88, in execute\n    res = execute_cr(cr, uid, obj, method, *args, **kw)\n          ^^^^^^^^^^^^^^^^^^^^^^^^^^^^^^^^^^^^^^^^^^^^^\n  File "C:\\Program Files\\Odoo 18.0.20260311\\server\\odoo\\service\\model.py", line 73, in execute_cr\n    result = retrying(partial(odoo.api.call_kw, recs, method, args, kw), env)\n             ^^^^^^^^^^^^^^^^^^^^^^^^^^^^^^^^^^^^^^^^^^^^^^^^^^^^^^^^^^^^^^^^\n  File "C:\\Program Files\\Odoo 18.0.20260311\\server\\odoo\\service\\model.py", line 157, in retrying\n    result = func()\n             ^^^^^^\n  File "C:\\Program Files\\Odoo 18.0.20260311\\server\\odoo\\api.py", line 535, in call_kw\n    result = getattr(recs, name)(*args, **kwargs)\n             ^^^^^^^^^^^^^^^^^^^^^^^^^^^^^^^^^^^^\n  File "<decorator-gen-0>", line 2, in create\n  File "C:\\Program Files\\Odoo 18.0.20260311\\server\\odoo\\api.py", line 497, in _model_create_multi\n    return create(self, [arg])\n           ^^^^^^^^^^^^^^^^^^^\n  File "C:\\Program Files\\Odoo 18.0.20260311\\server\\odoo\\models.py", line 5005, in create\n    raise ValueError("Invalid field %r on model %r" % (key, self._name))\nValueError: Invalid field \'employee_id\' on model \'plc.data\'\n'>
2026-03-16 14:50:10,589 INFO Connected to Odoo
2026-03-16 14:53:05,207 INFO Connected to Odoo
2026-03-16 14:53:05,233 INFO PLC read 1
2026-03-16 14:53:08,019 ERROR Send failed: <Fault 1: 'Traceback (most recent call last):\n  File "C:\\Program Files\\Odoo 18.0.20260311\\server\\odoo\\addons\\base\\controllers\\rpc.py", line 165, in xmlrpc_2\n    response = self._xmlrpc(service)\n               ^^^^^^^^^^^^^^^^^^^^^\n  File "C:\\Program Files\\Odoo 18.0.20260311\\server\\odoo\\addons\\base\\controllers\\rpc.py", line 139, in _xmlrpc\n    result = dispatch_rpc(service, method, params)\n             ^^^^^^^^^^^^^^^^^^^^^^^^^^^^^^^^^^^^^\n  File "C:\\Program Files\\Odoo 18.0.20260311\\server\\odoo\\http.py", line 412, in dispatch_rpc\n    return dispatch(method, params)\n           ^^^^^^^^^^^^^^^^^^^^^^^^\n  File "C:\\Program Files\\Odoo 18.0.20260311\\server\\odoo\\service\\model.py", line 59, in dispatch\n    res = execute_kw(db, uid, *params[3:])\n          ^^^^^^^^^^^^^^^^^^^^^^^^^^^^^^^^\n  File "C:\\Program Files\\Odoo 18.0.20260311\\server\\odoo\\service\\model.py", line 82, in execute_kw\n    return execute(db, uid, obj, method, *args, **kw or {})\n           ^^^^^^^^^^^^^^^^^^^^^^^^^^^^^^^^^^^^^^^^^^^^^^^^\n  File "C:\\Program Files\\Odoo 18.0.20260311\\server\\odoo\\service\\model.py", line 88, in execute\n    res = execute_cr(cr, uid, obj, method, *args, **kw)\n          ^^^^^^^^^^^^^^^^^^^^^^^^^^^^^^^^^^^^^^^^^^^^^\n  File "C:\\Program Files\\Odoo 18.0.20260311\\server\\odoo\\service\\model.py", line 73, in execute_cr\n    result = retrying(partial(odoo.api.call_kw, recs, method, args, kw), env)\n             ^^^^^^^^^^^^^^^^^^^^^^^^^^^^^^^^^^^^^^^^^^^^^^^^^^^^^^^^^^^^^^^^\n  File "C:\\Program Files\\Odoo 18.0.20260311\\server\\odoo\\service\\model.py", line 157, in retrying\n    result = func()\n             ^^^^^^\n  File "C:\\Program Files\\Odoo 18.0.20260311\\server\\odoo\\api.py", line 535, in call_kw\n    result = getattr(recs, name)(*args, **kwargs)\n             ^^^^^^^^^^^^^^^^^^^^^^^^^^^^^^^^^^^^\n  File "<decorator-gen-0>", line 2, in create\n  File "C:\\Program Files\\Odoo 18.0.20260311\\server\\odoo\\api.py", line 497, in _model_create_multi\n    return create(self, [arg])\n           ^^^^^^^^^^^^^^^^^^^\n  File "C:\\Program Files\\Odoo 18.0.20260311\\server\\odoo\\models.py", line 5005, in create\n    raise ValueError("Invalid field %r on model %r" % (key, self._name))\nValueError: Invalid field \'employee_id\' on model \'plc.data\'\n'>
2026-03-16 14:53:10,837 INFO Connected to Odoo
2026-03-16 14:53:12,855 INFO PLC read 2
2026-03-16 14:53:15,070 ERROR Send failed: <Fault 1: 'Traceback (most recent call last):\n  File "C:\\Program Files\\Odoo 18.0.20260311\\server\\odoo\\addons\\base\\controllers\\rpc.py", line 165, in xmlrpc_2\n    response = self._xmlrpc(service)\n               ^^^^^^^^^^^^^^^^^^^^^\n  File "C:\\Program Files\\Odoo 18.0.20260311\\server\\odoo\\addons\\base\\controllers\\rpc.py", line 139, in _xmlrpc\n    result = dispatch_rpc(service, method, params)\n             ^^^^^^^^^^^^^^^^^^^^^^^^^^^^^^^^^^^^^\n  File "C:\\Program Files\\Odoo 18.0.20260311\\server\\odoo\\http.py", line 412, in dispatch_rpc\n    return dispatch(method, params)\n           ^^^^^^^^^^^^^^^^^^^^^^^^\n  File "C:\\Program Files\\Odoo 18.0.20260311\\server\\odoo\\service\\model.py", line 59, in dispatch\n    res = execute_kw(db, uid, *params[3:])\n          ^^^^^^^^^^^^^^^^^^^^^^^^^^^^^^^^\n  File "C:\\Program Files\\Odoo 18.0.20260311\\server\\odoo\\service\\model.py", line 82, in execute_kw\n    return execute(db, uid, obj, method, *args, **kw or {})\n           ^^^^^^^^^^^^^^^^^^^^^^^^^^^^^^^^^^^^^^^^^^^^^^^^\n  File "C:\\Program Files\\Odoo 18.0.20260311\\server\\odoo\\service\\model.py", line 88, in execute\n    res = execute_cr(cr, uid, obj, method, *args, **kw)\n          ^^^^^^^^^^^^^^^^^^^^^^^^^^^^^^^^^^^^^^^^^^^^^\n  File "C:\\Program Files\\Odoo 18.0.20260311\\server\\odoo\\service\\model.py", line 73, in execute_cr\n    result = retrying(partial(odoo.api.call_kw, recs, method, args, kw), env)\n             ^^^^^^^^^^^^^^^^^^^^^^^^^^^^^^^^^^^^^^^^^^^^^^^^^^^^^^^^^^^^^^^^\n  File "C:\\Program Files\\Odoo 18.0.20260311\\server\\odoo\\service\\model.py", line 157, in retrying\n    result = func()\n             ^^^^^^\n  File "C:\\Program Files\\Odoo 18.0.20260311\\server\\odoo\\api.py", line 535, in call_kw\n    result = getattr(recs, name)(*args, **kwargs)\n             ^^^^^^^^^^^^^^^^^^^^^^^^^^^^^^^^^^^^\n  File "<decorator-gen-0>", line 2, in create\n  File "C:\\Program Files\\Odoo 18.0.20260311\\server\\odoo\\api.py", line 497, in _model_create_multi\n    return create(self, [arg])\n           ^^^^^^^^^^^^^^^^^^^\n  File "C:\\Program Files\\Odoo 18.0.20260311\\server\\odoo\\models.py", line 5005, in create\n    raise ValueError("Invalid field %r on model %r" % (key, self._name))\nValueError: Invalid field \'employee_id\' on model \'plc.data\'\n'>
2026-03-16 14:53:17,811 INFO Connected to Odoo
2026-03-16 14:55:15,837 INFO Connected to Odoo
2026-03-16 14:55:16,396 INFO PLC read 1
2026-03-16 14:55:19,178 ERROR Send failed: <Fault 1: 'Traceback (most recent call last):\n  File "C:\\Program Files\\Odoo 18.0.20260311\\server\\odoo\\addons\\base\\controllers\\rpc.py", line 165, in xmlrpc_2\n    response = self._xmlrpc(service)\n               ^^^^^^^^^^^^^^^^^^^^^\n  File "C:\\Program Files\\Odoo 18.0.20260311\\server\\odoo\\addons\\base\\controllers\\rpc.py", line 139, in _xmlrpc\n    result = dispatch_rpc(service, method, params)\n             ^^^^^^^^^^^^^^^^^^^^^^^^^^^^^^^^^^^^^\n  File "C:\\Program Files\\Odoo 18.0.20260311\\server\\odoo\\http.py", line 412, in dispatch_rpc\n    return dispatch(method, params)\n           ^^^^^^^^^^^^^^^^^^^^^^^^\n  File "C:\\Program Files\\Odoo 18.0.20260311\\server\\odoo\\service\\model.py", line 59, in dispatch\n    res = execute_kw(db, uid, *params[3:])\n          ^^^^^^^^^^^^^^^^^^^^^^^^^^^^^^^^\n  File "C:\\Program Files\\Odoo 18.0.20260311\\server\\odoo\\service\\model.py", line 82, in execute_kw\n    return execute(db, uid, obj, method, *args, **kw or {})\n           ^^^^^^^^^^^^^^^^^^^^^^^^^^^^^^^^^^^^^^^^^^^^^^^^\n  File "C:\\Program Files\\Odoo 18.0.20260311\\server\\odoo\\service\\model.py", line 88, in execute\n    res = execute_cr(cr, uid, obj, method, *args, **kw)\n          ^^^^^^^^^^^^^^^^^^^^^^^^^^^^^^^^^^^^^^^^^^^^^\n  File "C:\\Program Files\\Odoo 18.0.20260311\\server\\odoo\\service\\model.py", line 73, in execute_cr\n    result = retrying(partial(odoo.api.call_kw, recs, method, args, kw), env)\n             ^^^^^^^^^^^^^^^^^^^^^^^^^^^^^^^^^^^^^^^^^^^^^^^^^^^^^^^^^^^^^^^^\n  File "C:\\Program Files\\Odoo 18.0.20260311\\server\\odoo\\service\\model.py", line 157, in retrying\n    result = func()\n             ^^^^^^\n  File "C:\\Program Files\\Odoo 18.0.20260311\\server\\odoo\\api.py", line 535, in call_kw\n    result = getattr(recs, name)(*args, **kwargs)\n             ^^^^^^^^^^^^^^^^^^^^^^^^^^^^^^^^^^^^\n  File "<decorator-gen-0>", line 2, in create\n  File "C:\\Program Files\\Odoo 18.0.20260311\\server\\odoo\\api.py", line 497, in _model_create_multi\n    return create(self, [arg])\n           ^^^^^^^^^^^^^^^^^^^\n  File "C:\\Program Files\\Odoo 18.0.20260311\\server\\odoo\\models.py", line 5005, in create\n    raise ValueError("Invalid field %r on model %r" % (key, self._name))\nValueError: Invalid field \'employee_id\' on model \'plc.data\'\n'>
2026-03-16 14:55:21,945 INFO Connected to Odoo
2026-03-16 14:55:23,954 INFO PLC read 2
2026-03-16 14:55:26,054 ERROR Send failed: <Fault 1: 'Traceback (most recent call last):\n  File "C:\\Program Files\\Odoo 18.0.20260311\\server\\odoo\\addons\\base\\controllers\\rpc.py", line 165, in xmlrpc_2\n    response = self._xmlrpc(service)\n               ^^^^^^^^^^^^^^^^^^^^^\n  File "C:\\Program Files\\Odoo 18.0.20260311\\server\\odoo\\addons\\base\\controllers\\rpc.py", line 139, in _xmlrpc\n    result = dispatch_rpc(service, method, params)\n             ^^^^^^^^^^^^^^^^^^^^^^^^^^^^^^^^^^^^^\n  File "C:\\Program Files\\Odoo 18.0.20260311\\server\\odoo\\http.py", line 412, in dispatch_rpc\n    return dispatch(method, params)\n           ^^^^^^^^^^^^^^^^^^^^^^^^\n  File "C:\\Program Files\\Odoo 18.0.20260311\\server\\odoo\\service\\model.py", line 59, in dispatch\n    res = execute_kw(db, uid, *params[3:])\n          ^^^^^^^^^^^^^^^^^^^^^^^^^^^^^^^^\n  File "C:\\Program Files\\Odoo 18.0.20260311\\server\\odoo\\service\\model.py", line 82, in execute_kw\n    return execute(db, uid, obj, method, *args, **kw or {})\n           ^^^^^^^^^^^^^^^^^^^^^^^^^^^^^^^^^^^^^^^^^^^^^^^^\n  File "C:\\Program Files\\Odoo 18.0.20260311\\server\\odoo\\service\\model.py", line 88, in execute\n    res = execute_cr(cr, uid, obj, method, *args, **kw)\n          ^^^^^^^^^^^^^^^^^^^^^^^^^^^^^^^^^^^^^^^^^^^^^\n  File "C:\\Program Files\\Odoo 18.0.20260311\\server\\odoo\\service\\model.py", line 73, in execute_cr\n    result = retrying(partial(odoo.api.call_kw, recs, method, args, kw), env)\n             ^^^^^^^^^^^^^^^^^^^^^^^^^^^^^^^^^^^^^^^^^^^^^^^^^^^^^^^^^^^^^^^^\n  File "C:\\Program Files\\Odoo 18.0.20260311\\server\\odoo\\service\\model.py", line 157, in retrying\n    result = func()\n             ^^^^^^\n  File "C:\\Program Files\\Odoo 18.0.20260311\\server\\odoo\\api.py", line 535, in call_kw\n    result = getattr(recs, name)(*args, **kwargs)\n             ^^^^^^^^^^^^^^^^^^^^^^^^^^^^^^^^^^^^\n  File "<decorator-gen-0>", line 2, in create\n  File "C:\\Program Files\\Odoo 18.0.20260311\\server\\odoo\\api.py", line 497, in _model_create_multi\n    return create(self, [arg])\n           ^^^^^^^^^^^^^^^^^^^\n  File "C:\\Program Files\\Odoo 18.0.20260311\\server\\odoo\\models.py", line 5005, in create\n    raise ValueError("Invalid field %r on model %r" % (key, self._name))\nValueError: Invalid field \'employee_id\' on model \'plc.data\'\n'>
2026-03-16 14:59:14,011 INFO Connected to Odoo
2026-03-16 14:59:14,040 INFO PLC read 1
2026-03-16 14:59:16,850 ERROR Send failed: <Fault 1: 'Traceback (most recent call last):\n  File "C:\\Program Files\\Odoo 18.0.20260311\\server\\odoo\\addons\\base\\controllers\\rpc.py", line 165, in xmlrpc_2\n    response = self._xmlrpc(service)\n               ^^^^^^^^^^^^^^^^^^^^^\n  File "C:\\Program Files\\Odoo 18.0.20260311\\server\\odoo\\addons\\base\\controllers\\rpc.py", line 139, in _xmlrpc\n    result = dispatch_rpc(service, method, params)\n             ^^^^^^^^^^^^^^^^^^^^^^^^^^^^^^^^^^^^^\n  File "C:\\Program Files\\Odoo 18.0.20260311\\server\\odoo\\http.py", line 412, in dispatch_rpc\n    return dispatch(method, params)\n           ^^^^^^^^^^^^^^^^^^^^^^^^\n  File "C:\\Program Files\\Odoo 18.0.20260311\\server\\odoo\\service\\model.py", line 59, in dispatch\n    res = execute_kw(db, uid, *params[3:])\n          ^^^^^^^^^^^^^^^^^^^^^^^^^^^^^^^^\n  File "C:\\Program Files\\Odoo 18.0.20260311\\server\\odoo\\service\\model.py", line 82, in execute_kw\n    return execute(db, uid, obj, method, *args, **kw or {})\n           ^^^^^^^^^^^^^^^^^^^^^^^^^^^^^^^^^^^^^^^^^^^^^^^^\n  File "C:\\Program Files\\Odoo 18.0.20260311\\server\\odoo\\service\\model.py", line 88, in execute\n    res = execute_cr(cr, uid, obj, method, *args, **kw)\n          ^^^^^^^^^^^^^^^^^^^^^^^^^^^^^^^^^^^^^^^^^^^^^\n  File "C:\\Program Files\\Odoo 18.0.20260311\\server\\odoo\\service\\model.py", line 73, in execute_cr\n    result = retrying(partial(odoo.api.call_kw, recs, method, args, kw), env)\n             ^^^^^^^^^^^^^^^^^^^^^^^^^^^^^^^^^^^^^^^^^^^^^^^^^^^^^^^^^^^^^^^^\n  File "C:\\Program Files\\Odoo 18.0.20260311\\server\\odoo\\service\\model.py", line 157, in retrying\n    result = func()\n             ^^^^^^\n  File "C:\\Program Files\\Odoo 18.0.20260311\\server\\odoo\\api.py", line 535, in call_kw\n    result = getattr(recs, name)(*args, **kwargs)\n             ^^^^^^^^^^^^^^^^^^^^^^^^^^^^^^^^^^^^\n  File "<decorator-gen-0>", line 2, in create\n  File "C:\\Program Files\\Odoo 18.0.20260311\\server\\odoo\\api.py", line 497, in _model_create_multi\n    return create(self, [arg])\n           ^^^^^^^^^^^^^^^^^^^\n  File "C:\\Program Files\\Odoo 18.0.20260311\\server\\odoo\\models.py", line 5005, in create\n    raise ValueError("Invalid field %r on model %r" % (key, self._name))\nValueError: Invalid field \'employee_id\' on model \'plc.data\'\n'>
2026-03-16 14:59:19,627 INFO Connected to Odoo
2026-03-16 14:59:21,654 INFO PLC read 2
2026-03-16 14:59:23,739 ERROR Send failed: <Fault 1: 'Traceback (most recent call last):\n  File "C:\\Program Files\\Odoo 18.0.20260311\\server\\odoo\\addons\\base\\controllers\\rpc.py", line 165, in xmlrpc_2\n    response = self._xmlrpc(service)\n               ^^^^^^^^^^^^^^^^^^^^^\n  File "C:\\Program Files\\Odoo 18.0.20260311\\server\\odoo\\addons\\base\\controllers\\rpc.py", line 139, in _xmlrpc\n    result = dispatch_rpc(service, method, params)\n             ^^^^^^^^^^^^^^^^^^^^^^^^^^^^^^^^^^^^^\n  File "C:\\Program Files\\Odoo 18.0.20260311\\server\\odoo\\http.py", line 412, in dispatch_rpc\n    return dispatch(method, params)\n           ^^^^^^^^^^^^^^^^^^^^^^^^\n  File "C:\\Program Files\\Odoo 18.0.20260311\\server\\odoo\\service\\model.py", line 59, in dispatch\n    res = execute_kw(db, uid, *params[3:])\n          ^^^^^^^^^^^^^^^^^^^^^^^^^^^^^^^^\n  File "C:\\Program Files\\Odoo 18.0.20260311\\server\\odoo\\service\\model.py", line 82, in execute_kw\n    return execute(db, uid, obj, method, *args, **kw or {})\n           ^^^^^^^^^^^^^^^^^^^^^^^^^^^^^^^^^^^^^^^^^^^^^^^^\n  File "C:\\Program Files\\Odoo 18.0.20260311\\server\\odoo\\service\\model.py", line 88, in execute\n    res = execute_cr(cr, uid, obj, method, *args, **kw)\n          ^^^^^^^^^^^^^^^^^^^^^^^^^^^^^^^^^^^^^^^^^^^^^\n  File "C:\\Program Files\\Odoo 18.0.20260311\\server\\odoo\\service\\model.py", line 73, in execute_cr\n    result = retrying(partial(odoo.api.call_kw, recs, method, args, kw), env)\n             ^^^^^^^^^^^^^^^^^^^^^^^^^^^^^^^^^^^^^^^^^^^^^^^^^^^^^^^^^^^^^^^^\n  File "C:\\Program Files\\Odoo 18.0.20260311\\server\\odoo\\service\\model.py", line 157, in retrying\n    result = func()\n             ^^^^^^\n  File "C:\\Program Files\\Odoo 18.0.20260311\\server\\odoo\\api.py", line 535, in call_kw\n    result = getattr(recs, name)(*args, **kwargs)\n             ^^^^^^^^^^^^^^^^^^^^^^^^^^^^^^^^^^^^\n  File "<decorator-gen-0>", line 2, in create\n  File "C:\\Program Files\\Odoo 18.0.20260311\\server\\odoo\\api.py", line 497, in _model_create_multi\n    return create(self, [arg])\n           ^^^^^^^^^^^^^^^^^^^\n  File "C:\\Program Files\\Odoo 18.0.20260311\\server\\odoo\\models.py", line 5005, in create\n    raise ValueError("Invalid field %r on model %r" % (key, self._name))\nValueError: Invalid field \'employee_id\' on model \'plc.data\'\n'>
2026-03-16 14:59:26,577 INFO Connected to Odoo
2026-03-16 14:59:28,587 INFO PLC read 3
2026-03-16 15:01:25,134 INFO Connected to Odoo
2026-03-16 15:01:25,143 INFO PLC read 1
2026-03-16 15:01:27,903 ERROR Send failed: <Fault 1: 'Traceback (most recent call last):\n  File "C:\\Program Files\\Odoo 18.0.20260311\\server\\odoo\\addons\\base\\controllers\\rpc.py", line 165, in xmlrpc_2\n    response = self._xmlrpc(service)\n               ^^^^^^^^^^^^^^^^^^^^^\n  File "C:\\Program Files\\Odoo 18.0.20260311\\server\\odoo\\addons\\base\\controllers\\rpc.py", line 139, in _xmlrpc\n    result = dispatch_rpc(service, method, params)\n             ^^^^^^^^^^^^^^^^^^^^^^^^^^^^^^^^^^^^^\n  File "C:\\Program Files\\Odoo 18.0.20260311\\server\\odoo\\http.py", line 412, in dispatch_rpc\n    return dispatch(method, params)\n           ^^^^^^^^^^^^^^^^^^^^^^^^\n  File "C:\\Program Files\\Odoo 18.0.20260311\\server\\odoo\\service\\model.py", line 59, in dispatch\n    res = execute_kw(db, uid, *params[3:])\n          ^^^^^^^^^^^^^^^^^^^^^^^^^^^^^^^^\n  File "C:\\Program Files\\Odoo 18.0.20260311\\server\\odoo\\service\\model.py", line 82, in execute_kw\n    return execute(db, uid, obj, method, *args, **kw or {})\n           ^^^^^^^^^^^^^^^^^^^^^^^^^^^^^^^^^^^^^^^^^^^^^^^^\n  File "C:\\Program Files\\Odoo 18.0.20260311\\server\\odoo\\service\\model.py", line 88, in execute\n    res = execute_cr(cr, uid, obj, method, *args, **kw)\n          ^^^^^^^^^^^^^^^^^^^^^^^^^^^^^^^^^^^^^^^^^^^^^\n  File "C:\\Program Files\\Odoo 18.0.20260311\\server\\odoo\\service\\model.py", line 73, in execute_cr\n    result = retrying(partial(odoo.api.call_kw, recs, method, args, kw), env)\n             ^^^^^^^^^^^^^^^^^^^^^^^^^^^^^^^^^^^^^^^^^^^^^^^^^^^^^^^^^^^^^^^^\n  File "C:\\Program Files\\Odoo 18.0.20260311\\server\\odoo\\service\\model.py", line 157, in retrying\n    result = func()\n             ^^^^^^\n  File "C:\\Program Files\\Odoo 18.0.20260311\\server\\odoo\\api.py", line 535, in call_kw\n    result = getattr(recs, name)(*args, **kwargs)\n             ^^^^^^^^^^^^^^^^^^^^^^^^^^^^^^^^^^^^\n  File "<decorator-gen-0>", line 2, in create\n  File "C:\\Program Files\\Odoo 18.0.20260311\\server\\odoo\\api.py", line 497, in _model_create_multi\n    return create(self, [arg])\n           ^^^^^^^^^^^^^^^^^^^\n  File "C:\\Program Files\\Odoo 18.0.20260311\\server\\odoo\\models.py", line 5005, in create\n    raise ValueError("Invalid field %r on model %r" % (key, self._name))\nValueError: Invalid field \'employee_id\' on model \'plc.data\'\n'>
2026-03-16 15:01:30,792 INFO Connected to Odoo
2026-03-16 15:01:32,810 INFO PLC read 2
2026-03-16 15:01:34,893 ERROR Send failed: <Fault 1: 'Traceback (most recent call last):\n  File "C:\\Program Files\\Odoo 18.0.20260311\\server\\odoo\\addons\\base\\controllers\\rpc.py", line 165, in xmlrpc_2\n    response = self._xmlrpc(service)\n               ^^^^^^^^^^^^^^^^^^^^^\n  File "C:\\Program Files\\Odoo 18.0.20260311\\server\\odoo\\addons\\base\\controllers\\rpc.py", line 139, in _xmlrpc\n    result = dispatch_rpc(service, method, params)\n             ^^^^^^^^^^^^^^^^^^^^^^^^^^^^^^^^^^^^^\n  File "C:\\Program Files\\Odoo 18.0.20260311\\server\\odoo\\http.py", line 412, in dispatch_rpc\n    return dispatch(method, params)\n           ^^^^^^^^^^^^^^^^^^^^^^^^\n  File "C:\\Program Files\\Odoo 18.0.20260311\\server\\odoo\\service\\model.py", line 59, in dispatch\n    res = execute_kw(db, uid, *params[3:])\n          ^^^^^^^^^^^^^^^^^^^^^^^^^^^^^^^^\n  File "C:\\Program Files\\Odoo 18.0.20260311\\server\\odoo\\service\\model.py", line 82, in execute_kw\n    return execute(db, uid, obj, method, *args, **kw or {})\n           ^^^^^^^^^^^^^^^^^^^^^^^^^^^^^^^^^^^^^^^^^^^^^^^^\n  File "C:\\Program Files\\Odoo 18.0.20260311\\server\\odoo\\service\\model.py", line 88, in execute\n    res = execute_cr(cr, uid, obj, method, *args, **kw)\n          ^^^^^^^^^^^^^^^^^^^^^^^^^^^^^^^^^^^^^^^^^^^^^\n  File "C:\\Program Files\\Odoo 18.0.20260311\\server\\odoo\\service\\model.py", line 73, in execute_cr\n    result = retrying(partial(odoo.api.call_kw, recs, method, args, kw), env)\n             ^^^^^^^^^^^^^^^^^^^^^^^^^^^^^^^^^^^^^^^^^^^^^^^^^^^^^^^^^^^^^^^^\n  File "C:\\Program Files\\Odoo 18.0.20260311\\server\\odoo\\service\\model.py", line 157, in retrying\n    result = func()\n             ^^^^^^\n  File "C:\\Program Files\\Odoo 18.0.20260311\\server\\odoo\\api.py", line 535, in call_kw\n    result = getattr(recs, name)(*args, **kwargs)\n             ^^^^^^^^^^^^^^^^^^^^^^^^^^^^^^^^^^^^\n  File "<decorator-gen-0>", line 2, in create\n  File "C:\\Program Files\\Odoo 18.0.20260311\\server\\odoo\\api.py", line 497, in _model_create_multi\n    return create(self, [arg])\n           ^^^^^^^^^^^^^^^^^^^\n  File "C:\\Program Files\\Odoo 18.0.20260311\\server\\odoo\\models.py", line 5005, in create\n    raise ValueError("Invalid field %r on model %r" % (key, self._name))\nValueError: Invalid field \'employee_id\' on model \'plc.data\'\n'>
2026-03-16 15:01:37,680 INFO Connected to Odoo
2026-03-16 15:01:41,292 INFO PLC read 3
2026-03-16 15:01:43,398 ERROR Send failed: <Fault 1: 'Traceback (most recent call last):\n  File "C:\\Program Files\\Odoo 18.0.20260311\\server\\odoo\\addons\\base\\controllers\\rpc.py", line 165, in xmlrpc_2\n    response = self._xmlrpc(service)\n               ^^^^^^^^^^^^^^^^^^^^^\n  File "C:\\Program Files\\Odoo 18.0.20260311\\server\\odoo\\addons\\base\\controllers\\rpc.py", line 139, in _xmlrpc\n    result = dispatch_rpc(service, method, params)\n             ^^^^^^^^^^^^^^^^^^^^^^^^^^^^^^^^^^^^^\n  File "C:\\Program Files\\Odoo 18.0.20260311\\server\\odoo\\http.py", line 412, in dispatch_rpc\n    return dispatch(method, params)\n           ^^^^^^^^^^^^^^^^^^^^^^^^\n  File "C:\\Program Files\\Odoo 18.0.20260311\\server\\odoo\\service\\model.py", line 59, in dispatch\n    res = execute_kw(db, uid, *params[3:])\n          ^^^^^^^^^^^^^^^^^^^^^^^^^^^^^^^^\n  File "C:\\Program Files\\Odoo 18.0.20260311\\server\\odoo\\service\\model.py", line 82, in execute_kw\n    return execute(db, uid, obj, method, *args, **kw or {})\n           ^^^^^^^^^^^^^^^^^^^^^^^^^^^^^^^^^^^^^^^^^^^^^^^^\n  File "C:\\Program Files\\Odoo 18.0.20260311\\server\\odoo\\service\\model.py", line 88, in execute\n    res = execute_cr(cr, uid, obj, method, *args, **kw)\n          ^^^^^^^^^^^^^^^^^^^^^^^^^^^^^^^^^^^^^^^^^^^^^\n  File "C:\\Program Files\\Odoo 18.0.20260311\\server\\odoo\\service\\model.py", line 73, in execute_cr\n    result = retrying(partial(odoo.api.call_kw, recs, method, args, kw), env)\n             ^^^^^^^^^^^^^^^^^^^^^^^^^^^^^^^^^^^^^^^^^^^^^^^^^^^^^^^^^^^^^^^^\n  File "C:\\Program Files\\Odoo 18.0.20260311\\server\\odoo\\service\\model.py", line 157, in retrying\n    result = func()\n             ^^^^^^\n  File "C:\\Program Files\\Odoo 18.0.20260311\\server\\odoo\\api.py", line 535, in call_kw\n    result = getattr(recs, name)(*args, **kwargs)\n             ^^^^^^^^^^^^^^^^^^^^^^^^^^^^^^^^^^^^\n  File "<decorator-gen-0>", line 2, in create\n  File "C:\\Program Files\\Odoo 18.0.20260311\\server\\odoo\\api.py", line 497, in _model_create_multi\n    return create(self, [arg])\n           ^^^^^^^^^^^^^^^^^^^\n  File "C:\\Program Files\\Odoo 18.0.20260311\\server\\odoo\\models.py", line 5005, in create\n    raise ValueError("Invalid field %r on model %r" % (key, self._name))\nValueError: Invalid field \'employee_id\' on model \'plc.data\'\n'>
2026-03-16 15:02:24,454 INFO Connected to Odoo
2026-03-16 15:02:24,470 INFO PLC read 1
2026-03-16 15:02:26,600 INFO Sent data 1
2026-03-16 15:02:28,707 INFO Sent data 2
2026-03-16 15:02:30,916 INFO Sent data 3
2026-03-16 15:02:33,013 INFO Sent data 4
2026-03-16 15:02:35,112 INFO Sent data 5
2026-03-16 15:02:37,252 INFO Sent data 1
2026-03-16 15:02:39,341 INFO Sent data 2
2026-03-16 15:02:41,447 INFO Sent data 1
2026-03-16 15:02:43,549 INFO Sent data 2
2026-03-16 15:02:45,644 INFO Sent data 1
2026-03-16 15:02:47,751 INFO Sent data 2
2026-03-16 15:02:49,842 INFO Sent data 1
2026-03-16 15:02:51,950 INFO Sent data 2
2026-03-16 15:02:54,052 INFO Sent data 3
2026-03-16 15:02:56,167 INFO Sent data 1
2026-03-16 15:02:58,267 INFO Sent data 2
2026-03-16 15:03:00,375 INFO Sent data 3
2026-03-16 15:03:02,477 INFO Sent data 1
2026-03-16 15:03:04,492 INFO PLC read 2
2026-03-16 15:03:06,611 INFO Sent data 2
2026-03-16 15:03:08,622 INFO PLC read 3
2026-03-16 15:07:17,419 INFO Connected to Odoo
2026-03-16 15:07:17,427 INFO PLC read 1
2026-03-16 15:07:19,537 INFO Sent data 3
2026-03-16 15:07:21,645 INFO Sent data 1
2026-03-16 15:07:23,655 INFO PLC read 2
2026-03-16 15:07:25,755 INFO Sent data 2
2026-03-16 15:07:27,776 INFO PLC read 3
2026-03-16 15:07:29,895 INFO Sent data 3
2026-03-16 15:07:31,909 INFO PLC read 4
2026-03-16 15:07:34,027 INFO Sent data 4
2026-03-16 15:07:36,045 INFO PLC read 5
2026-03-16 15:07:38,140 INFO Sent data 5
2026-03-16 15:07:40,157 INFO PLC read 6
2026-03-16 15:07:42,357 INFO Sent data 6
2026-03-16 15:07:44,368 INFO PLC read 7
2026-03-16 15:07:46,484 INFO Sent data 7
2026-03-16 15:07:48,514 INFO PLC read 8
2026-03-16 15:07:50,604 INFO Sent data 8
2026-03-16 15:07:52,617 INFO PLC read 9
2026-03-16 15:07:54,716 INFO Sent data 9
2026-03-16 15:07:56,738 INFO PLC read 10
2026-03-16 15:07:58,824 INFO Sent data 10
2026-03-16 15:08:00,842 INFO PLC read 11
2026-03-16 15:08:02,963 INFO Sent data 11
2026-03-16 15:08:04,974 INFO PLC read 12
2026-03-16 15:08:07,078 INFO Sent data 12
2026-03-16 15:08:09,090 INFO PLC read 13
2026-03-16 15:08:11,187 INFO Sent data 13
2026-03-16 15:08:13,204 INFO PLC read 14
2026-03-16 15:08:15,308 INFO Sent data 14
2026-03-16 15:08:17,318 INFO PLC read 15
2026-03-16 15:08:19,428 INFO Sent data 15
2026-03-16 15:08:19,428 INFO Gateway alive
2026-03-16 15:08:21,437 INFO PLC read 16
2026-03-16 15:08:23,523 INFO Sent data 16
2026-03-16 15:08:25,532 INFO PLC read 17
2026-03-16 15:08:27,645 INFO Sent data 17
2026-03-16 15:08:29,655 INFO PLC read 18
2026-03-16 15:08:31,773 INFO Sent data 18
2026-03-16 15:08:33,784 INFO PLC read 19
2026-03-16 15:08:35,888 INFO Sent data 19
2026-03-16 15:08:37,899 INFO PLC read 20
2026-03-16 15:08:39,999 INFO Sent data 20
2026-03-16 15:08:42,010 INFO PLC read 21
2026-03-16 15:08:44,219 INFO Sent data 21
2026-03-16 15:08:46,451 INFO PLC read 22
2026-03-16 15:26:34,748 INFO Connected to Odoo
2026-03-16 15:26:34,786 INFO PLC read 1
2026-03-16 15:26:37,747 INFO Sent data 22
2026-03-16 15:26:40,269 INFO Sent data 1
2026-03-16 15:26:42,280 INFO PLC read 2
2026-03-16 15:26:44,397 INFO Sent data 2
2026-03-16 15:26:46,407 INFO PLC read 3
2026-03-16 15:26:48,515 INFO Sent data 3
2026-03-16 15:26:50,528 INFO PLC read 4
2026-03-16 15:26:52,640 INFO Sent data 4
2026-03-16 15:26:54,656 INFO PLC read 5
2026-03-16 15:26:56,782 INFO Sent data 5
2026-03-16 15:26:58,792 INFO PLC read 6
2026-03-16 15:27:01,042 INFO Sent data 6
2026-03-16 15:27:03,149 INFO PLC read 7
2026-03-16 15:27:05,311 INFO Sent data 7
2026-03-16 15:27:07,326 INFO PLC read 8
2026-03-16 15:27:09,447 INFO Sent data 8
2026-03-16 15:27:11,457 INFO PLC read 9
2026-03-16 15:27:13,541 INFO Sent data 9
2026-03-16 15:27:15,551 INFO PLC read 10
2026-03-16 15:27:17,662 INFO Sent data 10
2026-03-16 15:27:19,672 INFO PLC read 11
2026-03-16 15:27:21,778 INFO Sent data 11
2026-03-16 15:27:23,796 INFO PLC read 12
2026-03-16 15:27:25,903 INFO Sent data 12
2026-03-16 15:27:27,924 INFO PLC read 13
2026-03-16 15:27:30,039 INFO Sent data 13
2026-03-16 15:27:32,051 INFO PLC read 14
2026-03-16 15:27:34,156 INFO Sent data 14
2026-03-16 15:56:46,629 INFO Connected to Odoo
2026-03-16 15:56:46,633 INFO PLC read 1
2026-03-16 15:56:48,822 INFO Sent data 1
2026-03-16 15:56:50,824 INFO PLC read 2
2026-03-16 15:56:52,923 INFO Sent data 2
2026-03-16 15:56:54,937 INFO PLC read 3
2026-03-16 15:56:57,046 INFO Sent data 3
2026-03-16 15:56:59,061 INFO PLC read 4
2026-03-16 15:57:01,166 INFO Sent data 4
2026-03-16 15:57:03,169 INFO PLC read 5
2026-03-16 15:57:05,249 INFO Sent data 5
2026-03-16 15:57:07,257 INFO PLC read 6
2026-03-16 15:57:09,483 INFO Sent data 6
2026-03-16 15:57:11,486 INFO PLC read 7
2026-03-16 15:57:13,574 INFO Sent data 7
2026-03-16 15:57:15,579 INFO PLC read 8
2026-03-16 15:57:17,687 INFO Sent data 8
2026-03-16 15:57:19,702 INFO PLC read 9
2026-03-16 15:57:21,786 INFO Sent data 9
2026-03-16 15:57:23,801 INFO PLC read 10
2026-03-16 15:57:25,901 INFO Sent data 10
2026-03-16 15:57:27,915 INFO PLC read 11
2026-03-16 15:57:29,998 INFO Sent data 11
2026-03-16 15:57:32,001 INFO PLC read 12
2026-03-16 15:57:34,104 INFO Sent data 12
2026-03-16 15:57:36,108 INFO PLC read 13
2026-03-16 15:57:38,253 INFO Sent data 13
2026-03-16 15:57:40,257 INFO PLC read 14
2026-03-16 15:57:42,350 INFO Sent data 14
2026-03-16 15:57:44,364 INFO PLC read 15
2026-03-16 15:57:46,458 INFO Sent data 15
2026-03-16 15:57:48,462 INFO PLC read 16
2026-03-16 15:57:50,550 INFO Sent data 16
2026-03-16 15:57:50,550 INFO Gateway alive
2026-03-16 15:57:52,556 INFO PLC read 17
2026-03-16 15:57:54,662 INFO Sent data 17
2026-03-16 15:57:56,665 INFO PLC read 18
2026-03-16 15:57:58,745 INFO Sent data 18
2026-03-16 15:58:00,747 INFO PLC read 19
2026-03-16 15:58:02,834 INFO Sent data 19
2026-03-16 15:58:04,838 INFO PLC read 20
2026-03-16 15:58:06,943 INFO Sent data 20
2026-03-16 15:58:08,946 INFO PLC read 21
2026-03-16 15:58:11,043 INFO Sent data 21
2026-03-16 15:58:13,047 INFO PLC read 22
2026-03-16 15:58:15,129 INFO Sent data 22
2026-03-16 15:58:17,144 INFO PLC read 23
2026-03-16 15:58:19,319 INFO Sent data 23
2026-03-16 15:58:21,323 INFO PLC read 24
2026-03-16 15:58:23,431 INFO Sent data 24
2026-03-16 15:58:25,445 INFO PLC read 25
2026-03-16 15:58:27,539 INFO Sent data 25
2026-03-16 15:58:29,545 INFO PLC read 26
2026-03-16 15:58:31,638 INFO Sent data 26
2026-03-16 15:58:33,651 INFO PLC read 27
2026-03-16 15:58:35,751 INFO Sent data 27
2026-03-16 15:58:37,766 INFO PLC read 28
2026-03-16 15:58:39,875 INFO Sent data 28
2026-03-16 15:58:41,877 INFO PLC read 29
2026-03-16 15:58:43,982 INFO Sent data 29
2026-03-16 15:58:45,984 INFO PLC read 30
2026-03-16 15:58:48,080 INFO Sent data 30
2026-03-16 15:58:50,085 INFO PLC read 31
2026-03-16 15:58:52,176 INFO Sent data 31
2026-03-16 15:58:52,176 INFO Gateway alive
2026-03-16 15:58:54,180 INFO PLC read 32
2026-03-16 15:58:56,277 INFO Sent data 32
2026-03-16 15:58:58,282 INFO PLC read 33
2026-03-16 15:59:00,379 INFO Sent data 33
2026-03-16 15:59:02,383 INFO PLC read 34
2026-03-16 15:59:04,471 INFO Sent data 34
2026-03-16 15:59:06,473 INFO PLC read 35
2026-03-16 15:59:08,573 INFO Sent data 35
2026-03-16 15:59:10,577 INFO PLC read 36
2026-03-16 15:59:12,684 INFO Sent data 36
2026-03-16 15:59:14,689 INFO PLC read 37
2026-03-16 15:59:16,775 INFO Sent data 37
2026-03-16 15:59:18,780 INFO PLC read 38
2026-03-16 15:59:20,875 INFO Sent data 38
2026-03-16 15:59:22,880 INFO PLC read 39
2026-03-16 15:59:24,982 INFO Sent data 39
2026-03-16 15:59:26,986 INFO PLC read 40
2026-03-16 15:59:29,069 INFO Sent data 40
2026-03-16 15:59:31,071 INFO PLC read 41
2026-03-16 15:59:33,172 INFO Sent data 41
2026-03-16 15:59:35,177 INFO PLC read 42
2026-03-16 15:59:37,282 INFO Sent data 42
2026-03-16 15:59:39,287 INFO PLC read 43
2026-03-16 15:59:41,377 INFO Sent data 43
2026-03-16 15:59:43,382 INFO PLC read 44
2026-03-16 15:59:45,469 INFO Sent data 44
2026-03-16 15:59:47,474 INFO PLC read 45
2026-03-16 15:59:49,566 INFO Sent data 45
2026-03-16 15:59:51,568 INFO PLC read 46
2026-03-16 15:59:53,680 INFO Sent data 46
2026-03-16 15:59:53,681 INFO Gateway alive
2026-03-16 15:59:55,685 INFO PLC read 47
2026-03-16 15:59:57,774 INFO Sent data 47
2026-03-16 15:59:59,778 INFO PLC read 48
2026-03-16 16:00:01,880 INFO Sent data 48
2026-03-16 16:00:03,884 INFO PLC read 49
2026-03-16 16:00:06,156 INFO Sent data 49
